{
  "version": "1.5.0",
  "plugins_used": [
    {
      "name": "ArtifactoryDetector"
    },
    {
      "name": "AWSKeyDetector"
    },
    {
      "name": "AzureStorageKeyDetector"
    },
    {
      "name": "Base64HighEntropyString",
      "limit": 4.5
    },
    {
      "name": "BasicAuthDetector"
    },
    {
      "name": "CloudantDetector"
    },
    {
      "name": "DiscordBotTokenDetector"
    },
    {
      "name": "GitHubTokenDetector"
    },
    {
      "name": "GitLabTokenDetector"
    },
    {
      "name": "HexHighEntropyString",
      "limit": 3.0
    },
    {
      "name": "IbmCloudIamDetector"
    },
    {
      "name": "IbmCosHmacDetector"
    },
    {
      "name": "IPPublicDetector"
    },
    {
      "name": "JwtTokenDetector"
    },
    {
      "name": "KeywordDetector",
      "keyword_exclude": ""
    },
    {
      "name": "MailchimpDetector"
    },
    {
      "name": "NpmDetector"
    },
    {
      "name": "OpenAIDetector"
    },
    {
      "name": "PrivateKeyDetector"
    },
    {
      "name": "PypiTokenDetector"
    },
    {
      "name": "SendGridDetector"
    },
    {
      "name": "SlackDetector"
    },
    {
      "name": "SoftlayerDetector"
    },
    {
      "name": "SquareOAuthDetector"
    },
    {
      "name": "StripeDetector"
    },
    {
      "name": "TelegramBotTokenDetector"
    },
    {
      "name": "TwilioKeyDetector"
    }
  ],
  "filters_used": [
    {
      "path": "detect_secrets.filters.allowlist.is_line_allowlisted"
    },
    {
      "path": "detect_secrets.filters.common.is_ignored_due_to_verification_policies",
      "min_level": 2
    },
    {
      "path": "detect_secrets.filters.heuristic.is_indirect_reference"
    },
    {
      "path": "detect_secrets.filters.heuristic.is_likely_id_string"
    },
    {
      "path": "detect_secrets.filters.heuristic.is_lock_file"
    },
    {
      "path": "detect_secrets.filters.heuristic.is_not_alphanumeric_string"
    },
    {
      "path": "detect_secrets.filters.heuristic.is_potential_uuid"
    },
    {
      "path": "detect_secrets.filters.heuristic.is_prefixed_with_dollar_sign"
    },
    {
      "path": "detect_secrets.filters.heuristic.is_sequential_string"
    },
    {
      "path": "detect_secrets.filters.heuristic.is_swagger_file"
    },
    {
      "path": "detect_secrets.filters.heuristic.is_templated_secret"
    }
  ],
  "results": {
    "backend\\alembic.ini": [
      {
        "type": "Basic Auth Credentials",
        "filename": "backend\\alembic.ini",
        "hashed_secret": "fa9beb99e4029ad5a6615399e7bbae21356086b3",
        "is_verified": false,
        "line_number": 9
      }
    ],
    "backend\\app\\config.py": [
      {
        "type": "Base64 High Entropy String",
        "filename": "backend\\app\\config.py",
        "hashed_secret": "a1197e8a228b027539370e564fca470909b1052e",
        "is_verified": false,
        "line_number": 93
      },
      {
        "type": "Base64 High Entropy String",
        "filename": "backend\\app\\config.py",
        "hashed_secret": "8547f387bf7b407cb36feb1f4ab4098f4f17c94b",
        "is_verified": false,
        "line_number": 118
      }
    ],
    "backend\\app\\routers\\portal.py": [
      {
        "type": "Secret Keyword",
        "filename": "backend\\app\\routers\\portal.py",
        "hashed_secret": "1e8f384cf8634dfe3a2c7177b0e7a595a93adf17",
        "is_verified": false,
        "line_number": 617
      }
    ],
    "backend\\app\\services\\embeddings.py": [
      {
        "type": "Base64 High Entropy String",
        "filename": "backend\\app\\services\\embeddings.py",
        "hashed_secret": "a1197e8a228b027539370e564fca470909b1052e",
        "is_verified": false,
        "line_number": 89
      }
    ],
    "backend\\scripts\\e2e_multiuser.py": [
      {
        "type": "Hex High Entropy String",
        "filename": "backend\\scripts\\e2e_multiuser.py",
        "hashed_secret": "2dc5053699a351121bf839c446bd4a878dda5735",
        "is_verified": false,
        "line_number": 112
      }
    ],
    "frontend\\e2e\\fixtures.ts": [
      {
        "type": "Secret Keyword",
        "filename": "frontend\\e2e\\fixtures.ts",
        "hashed_secret": "ab3eb0f868f05373c611a6c904ae319ff0772c0c",
        "is_verified": false,
        "line_number": 5
      }
    ],
    "frontend\\src\\locales\\en.json": [
      {
        "type": "Secret Keyword",
        "filename": "frontend\\src\\locales\\en.json",
        "hashed_secret": "8be3c943b1609fffbfc51aad666d0a04adf83c9d",
        "is_verified": false,
        "line_number": 40
      },
      {
        "type": "Secret Keyword",
        "filename": "frontend\\src\\locales\\en.json",
        "hashed_secret": "c2d404cb7bad34de0af2136b8efa809ea96170fa",
        "is_verified": false,
        "line_number": 41
      },
      {
        "type": "Secret Keyword",
        "filename": "frontend\\src\\locales\\en.json",
        "hashed_secret": "1cc8d1815154fb6f9346049babcf6b879151f5f9",
        "is_verified": false,
        "line_number": 42
      }
    ],
    "init-schema.sql": [
      {
        "type": "Secret Keyword",
        "filename": "init-schema.sql",
        "hashed_secret": "7a8dc132586e05c911e1c83914e25f8f71d6bca4",
        "is_verified": false,
        "line_number": 360
      },
      {
        "type": "Secret Keyword",
        "filename": "init-schema.sql",
        "hashed_secret": "5cd69b7e46772b88bc48c63ea278b65f8f6724b2",
        "is_verified": false,
        "line_number": 401
      }
    ]
  },
  "generated_at": "2026-08-27T09:36:32Z"
}
